2024-01-15 08:00:00 ERROR File size exceeds limit: 90MB
2024-01-15 08:02:00 INFO User logged in from problem
2024-01-15 08:04:00 INFO Response sent: 200 OK
2024-01-15 08:06:00 INFO Configuration reloaded
2024-01-15 08:08:00 INFO Background job completed
2024-01-15 08:10:00 INFO Processing request: GET /api/users
2024-01-15 08:12:00 WARN Database query slow: 126ms
2024-01-15 08:14:00 INFO Response sent: 200 OK
2024-01-15 08:16:00 WARN Database query slow: 2260ms
2024-01-15 08:18:00 INFO Configuration reloaded
2024-01-15 08:20:00 WARN Database query slow: 4688ms
2024-01-15 08:22:00 INFO Application started successfully
2024-01-15 08:24:00 WARN High CPU usage detected: 65%
2024-01-15 08:26:00 WARN Rate limit approaching for IP 192.168.1.109
2024-01-15 08:28:00 INFO Processing request: GET /api/users
2024-01-15 08:30:00 INFO Database connection established
2024-01-15 08:32:00 WARN High CPU usage detected: 76%
2024-01-15 08:34:00 INFO Cache hit for key: issue
2024-01-15 08:36:00 INFO Application started successfully
2024-01-15 08:38:00 INFO Response sent: 200 OK
2024-01-15 08:40:00 INFO Database connection established
2024-01-15 08:42:00 INFO Response sent: 200 OK
2024-01-15 08:44:00 INFO Response sent: 200 OK
2024-01-15 08:46:00 INFO Application started successfully
2024-01-15 08:48:00 INFO User logged in from error
2024-01-15 08:50:00 INFO Response sent: 200 OK
2024-01-15 08:52:00 INFO Application started successfully
2024-01-15 08:54:00 INFO Cache hit for key: error
2024-01-15 08:56:00 INFO Cache hit for key: error
2024-01-15 08:58:00 WARN Rate limit approaching for IP 192.168.1.177
2024-01-15 09:00:00 INFO Database connection established
2024-01-15 09:02:00 WARN SSL certificate expires in 30 days
2024-01-15 09:04:00 INFO User logged in from issue
2024-01-15 09:06:00 INFO Database connection established
2024-01-15 09:08:00 INFO Database connection established
2024-01-15 09:10:00 WARN SSL certificate expires in 9 days
2024-01-15 09:12:00 INFO Cache hit for key: problem
2024-01-15 09:14:00 INFO Processing request: GET /api/users
2024-01-15 09:16:00 INFO Processing request: GET /api/users
2024-01-15 09:18:00 INFO Application started successfully
2024-01-15 09:20:00 INFO Background job completed
2024-01-15 09:22:00 INFO Application started successfully
2024-01-15 09:24:00 INFO Application started successfully
2024-01-15 09:26:00 ERROR Permission denied for user john_doe
2024-01-15 09:28:00 INFO Processing request: GET /api/users
2024-01-15 09:30:00 INFO Processing request: GET /api/users
2024-01-15 09:32:00 INFO Background job completed
2024-01-15 09:34:00 ERROR Database connection timeout after 3025ms
2024-01-15 09:36:00 INFO Processing request: GET /api/users
2024-01-15 09:38:00 WARN High CPU usage detected: 54%
2024-01-15 09:40:00 INFO Database connection established
2024-01-15 09:42:00 INFO Database connection established
2024-01-15 09:44:00 ERROR Service unavailable
2024-01-15 09:46:00 ERROR Failed to process order: error
2024-01-15 09:48:00 WARN Disk space low: 52% remaining
2024-01-15 09:50:00 INFO User logged in from issue
2024-01-15 09:52:00 INFO Processing request: GET /api/users
2024-01-15 09:54:00 WARN High CPU usage detected: 52%
2024-01-15 09:56:00 INFO User logged in from problem
2024-01-15 09:58:00 WARN High CPU usage detected: 89%
2024-01-15 10:00:00 INFO Response sent: 200 OK
2024-01-15 10:02:00 INFO Processing request: GET /api/users
2024-01-15 10:04:00 ERROR Authentication failed
2024-01-15 10:06:00 INFO Background job completed
2024-01-15 10:08:00 INFO Processing request: GET /api/users
2024-01-15 10:10:00 INFO User logged in from error
2024-01-15 10:12:00 WARN Rate limit approaching for IP 192.168.1.193
2024-01-15 10:14:00 INFO Cache hit for key: issue
2024-01-15 10:16:00 INFO Database connection established
2024-01-15 10:18:00 INFO Cache hit for key: issue
2024-01-15 10:20:00 INFO Database connection established
2024-01-15 10:22:00 INFO Application started successfully
2024-01-15 10:24:00 WARN Database query slow: 1766ms
2024-01-15 10:26:00 INFO Application started successfully
2024-01-15 10:28:00 INFO Processing request: GET /api/users
2024-01-15 10:30:00 INFO Configuration reloaded
2024-01-15 10:32:00 INFO Application started successfully
2024-01-15 10:34:00 INFO Response sent: 200 OK
2024-01-15 10:36:00 INFO Configuration reloaded
2024-01-15 10:38:00 INFO Cache hit for key: issue
2024-01-15 10:40:00 INFO Cache hit for key: problem
2024-01-15 10:42:00 WARN SSL certificate expires in 3 days
2024-01-15 10:44:00 INFO Processing request: GET /api/users
2024-01-15 10:46:00 ERROR Authentication failed
2024-01-15 10:48:00 WARN Rate limit approaching for IP 192.168.1.198
2024-01-15 10:50:00 INFO Cache hit for key: problem
2024-01-15 10:52:00 INFO Processing request: GET /api/users
2024-01-15 10:54:00 INFO Configuration reloaded
2024-01-15 10:56:00 WARN Memory usage at 60%
2024-01-15 10:58:00 INFO Configuration reloaded
2024-01-15 11:00:00 INFO Response sent: 200 OK
2024-01-15 11:02:00 INFO Processing request: GET /api/users
2024-01-15 11:04:00 INFO Response sent: 200 OK
2024-01-15 11:06:00 INFO Configuration reloaded
2024-01-15 11:08:00 INFO User logged in from error
2024-01-15 11:10:00 INFO Configuration reloaded
2024-01-15 11:12:00 WARN Memory usage at 55%
2024-01-15 11:14:00 ERROR Permission denied for user bob
2024-01-15 11:16:00 INFO Database connection established
2024-01-15 11:18:00 INFO Database connection established